# serializer version: 1
# name: test_fixture_scenario_snapshot
  dict({
    'battery': dict({
      'Primary': dict({
        'net_kw': dict({
          'max': 10.0,
          'mean': -0.13117,
          'min': -5.145504,
          'sample': dict({
            'head': list([
              -3.67085,
              -2.387653,
              -2.501914,
              -2.56293,
              -2.462459,
              -2.341145,
            ]),
            'tail': list([
              0.667725,
              0.670202,
              0.664974,
              0.636917,
              0.60898,
              0.581935,
            ]),
          }),
        }),
        'soc_kwh': dict({
          'max': 41.9,
          'mean': 33.048084,
          'min': 22.626,
          'sample': dict({
            'head': list([
              22.626,
              22.919668,
              23.11068,
              23.310833,
              23.515868,
              23.712864,
            ]),
            'tail': list([
              22.958529,
              22.900567,
              22.842389,
              22.784666,
              22.729378,
              22.676515,
            ]),
          }),
        }),
      }),
    }),
    'objective': -5.844002,
    'series': dict({
      'grid_export_kw': dict({
        'max': 9.283559,
        'mean': 1.829756,
        'min': 0.0,
        'sample': dict({
          'head': list([
            0.0,
            0.0,
            0.0,
            0.0,
            0.0,
            0.0,
          ]),
          'tail': list([
            0.0,
            0.0,
            0.0,
            0.0,
            0.0,
            0.0,
          ]),
        }),
      }),
      'grid_import_kw': dict({
        'max': 0.0,
        'mean': 0.0,
        'min': 0.0,
        'sample': dict({
          'head': list([
            0.0,
            0.0,
            0.0,
            0.0,
            0.0,
            0.0,
          ]),
          'tail': list([
            0.0,
            0.0,
            0.0,
            0.0,
            0.0,
            0.0,
          ]),
        }),
      }),
      'grid_kw': dict({
        'max': 0.0,
        'mean': -1.829756,
        'min': -9.283559,
        'sample': dict({
          'head': list([
            0.0,
            0.0,
            0.0,
            0.0,
            0.0,
            0.0,
          ]),
          'tail': list([
            0.0,
            0.0,
            0.0,
            0.0,
            0.0,
            0.0,
          ]),
        }),
      }),
      'load_kw': dict({
        'max': 3.075089,
        'mean': 1.062387,
        'min': 0.426273,
        'sample': dict({
          'head': list([
            0.75782,
            2.519947,
            2.405686,
            2.34467,
            2.445141,
            2.566455,
          ]),
          'tail': list([
            0.667725,
            0.670202,
            0.664974,
            0.636917,
            0.60898,
            0.581935,
          ]),
        }),
      }),
      'price_export': dict({
        'max': 0.13,
        'mean': 0.034236,
        'min': -0.03,
        'sample': dict({
          'head': list([
            -0.03,
            -0.03,
            -0.03,
            -0.03,
            -0.03,
            -0.03,
          ]),
          'tail': list([
            0.08,
            0.08,
            0.08,
            0.08,
            0.08,
            0.08,
          ]),
        }),
      }),
      'price_import': dict({
        'max': 0.16,
        'mean': 0.087569,
        'min': 0.04,
        'sample': dict({
          'head': list([
            0.04,
            0.05,
            0.05,
            0.05,
            0.05,
            0.05,
          ]),
          'tail': list([
            0.15,
            0.15,
            0.15,
            0.15,
            0.15,
            0.15,
          ]),
        }),
      }),
      'pv_kw': dict({
        'max': 5.6792,
        'mean': 3.023313,
        'min': 0.0,
        'sample': dict({
          'head': list([
            4.42867,
            4.9076,
            4.9076,
            4.9076,
            4.9076,
            4.9076,
          ]),
          'tail': list([
            0.0,
            0.0,
            0.0,
            0.0,
            0.0,
            0.0,
          ]),
        }),
      }),
    }),
    'status': 'Optimal',
    'totals': dict({
      'export_kwh': 21.957074,
      'import_kwh': 0.0,
      'total_cost': -2.17378,
    }),
  })
# ---
